{
  "vector": 1.0,
  "bare_axial": 1.666666666666667,
  "effective_axial": 1.2753,
  "phase_C": 1.6916652367741625,
  "uncalibrated_tau": 913.2972249665106,
  "kappa": 12.200294834431162,
  "calibrated_tau": 878.2999999999997,
  "Q_elasticity": 3.943133031849044,
  "checks": {
    "checks": {
      "nucleon_states_normalized": true,
      "spin_flavor_exchange_symmetric": true,
      "color_exchange_antisymmetric": true,
      "color_singlet_total_generators_zero": true,
      "nucleon_total_spin_half": true,
      "nucleon_isospin_half": true,
      "spin_projection_half": true,
      "proton_charge_one_neutron_zero": true,
      "current_raises_charge_one": true,
      "vector_current_preserves_total_spin": true,
      "vector_matrix_element_one": true,
      "bare_axial_matrix_element_five_thirds": true,
      "vector_to_spin_three_half_zero": true,
      "Kraus_trace_preserving": true,
      "Kraus_equals_generator": true,
      "trace_positive": true,
      "survival_matches_rate_exponential": true,
      "Actual_energy_preserved": true,
      "SOURCE_return_zero": true,
      "baryon_charge_preserved": true,
      "phase_integrals_independently_agree": true,
      "closed_channel_rate_zero": true,
      "positive_Q_cases_have_positive_rates": true,
      "calibrated_neutron_lifetime_returned": true,
      "dressed_axial_matches_observed_magnitude": true,
      "fold_labels_have_equal_three_factor_multiplicity": true,
      "zero_overlap_blocks_channel": true,
      "finite_Euler_family_sum": true,
      "spectrum_mean_energies_sum_to_Q": true,
      "spectrum_median_and_endpoint": true
    },
    "passed": 30,
    "total": 30,
    "all_passed": true
  }
}
